// Jest Snapshot v1, https://goo.gl/fbAQLP

exports[`ListItemTag Accepts style override 1`] = `[Function]`;

exports[`ListItemTag ListItemTag Renders 1`] = `
<Text
  adjustsFontSizeToFit={true}
  allowFontScaling={true}
  maxFontSizeMultiplier={100}
  minimumFontScale={0.1}
  style={
    [
      {
        "color": "#000000",
      },
      {
        "writingDirection": "ltr",
      },
      {},
      {
        "fontFamily": "System",
        "fontSize": 12,
        "fontWeight": "400",
        "letterSpacing": 2,
        "textTransform": "uppercase",
      },
      {},
      undefined,
      [
        {
          "backgroundColor": "#6200ee",
          "borderRadius": 4,
          "color": "#ffffff",
          "fontFamily": "System",
          "fontSize": 10,
          "fontWeight": "500",
          "height": 32,
          "letterSpacing": 1,
          "lineHeight": 16,
          "overflow": "hidden",
          "padding": 0,
          "paddingLeft": 8,
          "paddingRight": 6,
        },
        undefined,
        undefined,
      ],
    ]
  }
>
  label text
</Text>
`;

exports[`ListItemTag Renders the background color and font color correctly 1`] = `[Function]`;
